// Jest Snapshot v1, https://goo.gl/fbAQLP

exports[`AppComponent should render 1`] = `
<flight-workspace-root
  __ngContext__={[Function LRootView]}
>
  <ul>
    <li>
      <a
        href="/"
        routerlink=""
      >
        Animal
      </a>
    </li>
    <li>
      <a
        href="/cat"
        routerlink="/cat"
      >
        Cat
      </a>
    </li>
    <li>
      <a
        href="/dog"
        routerlink="/dog"
      >
        Dog
      </a>
    </li>
  </ul><router-outlet />
</flight-workspace-root>
`;
