// Jest Snapshot v1, https://goo.gl/fbAQLP

exports[`CatComponent should render 1`] = `
<flight-workspace-cat
  __ngContext__={[Function LRootView]}
>
  <p>
    Only cats here
  </p><flight-workspace-shared-util-random-animal-image /><br /><button
    flightworkspaceshareduianimalsoundbutton="cat"
  >
    Make sound
  </button>
</flight-workspace-cat>
`;
